// Jest Snapshot v1, https://goo.gl/fbAQLP

exports[`GetNameForm test suite GetNameForm should match snapshot 1`] = `
<div>
  <form>
    <div
      className="get-name-form"
    >
      <div
        className="row"
      >
        <input
          name="name"
          placeholder="Name"
          type="text"
        />
      </div>
      <div
        className="row h-50"
      >
        <div
          className="col-sm-10"
        >
          <div
            className="get-name-button"
          >
            <button>
              Get information
            </button>
          </div>
        </div>
        <div
          className="col-sm-2"
        >
          <div
            className="img"
          />
        </div>
      </div>
    </div>
  </form>
</div>
`;
