// Jest Snapshot v1, https://goo.gl/fbAQLP

exports[`GreetingForm Should match snapshot 1`] = `
<div
  className="wrapper"
>
  <div
    className="main"
  >
    <div
      className="container"
    >
      <div
        className="row"
      >
        <div
          className="col-sm-12"
        >
          <div
            className="text"
          >
            Hello Nick
          </div>
        </div>
      </div>
      <div
        className="row"
      >
        <div
          className="col-sm-6"
        >
          <div>
            <button
              onClick={[Function]}
            >
              What is jest?
            </button>
            <div
              className="get-api-form"
            >
              <div
                className="text"
              >
                <div
                  className="error"
                />
              </div>
            </div>
          </div>
        </div>
        <div
          className="col-sm-1"
        >
          <div
            className="headerdivider"
          />
        </div>
        <div
          className="col-sm-5"
        >
          <div>
            <form
              onSubmit={[Function]}
            >
              <div
                className="get-name-form"
              >
                <div
                  className="row"
                >
                  <div
                    className="board"
                  >
                    <div
                      className="text"
                    >
                      fill in the fields, press the button and get the result - a number, if the fields are filled with numbers, a string-concatenation of characters, if the fields are filled with characters
                    </div>
                  </div>
                </div>
                <div
                  className="row"
                >
                  <div
                    className="col-sm-6"
                  >
                    <input
                      name="x"
                      placeholder="x"
                      type="text"
                    />
                  </div>
                  <div
                    className="col-sm-6"
                  >
                    <div
                      className="board"
                    >
                      <div
                        className="text"
                      >
                        
                      </div>
                    </div>
                  </div>
                </div>
                <div
                  className="row"
                >
                  <div
                    className="col-sm-6"
                  >
                    <input
                      name="y"
                      placeholder="y"
                      type="text"
                    />
                  </div>
                  <div
                    className="col-sm-6"
                  >
                    <div
                      className="get-name-button"
                    >
                      <button>
                        Calculate
                      </button>
                    </div>
                  </div>
                  <div
                    className="error"
                  >
                    
                  </div>
                </div>
                <div
                  className="row h-50"
                >
                  <div
                    className="col-sm-9"
                  />
                  <div
                    className="col-sm-1"
                  >
                    <div
                      className="img"
                    />
                  </div>
                </div>
              </div>
            </form>
          </div>
        </div>
      </div>
    </div>
  </div>
</div>
`;
